---
source: src/parser.rs
expression: daily_results
---
[
    DailyUrlInfo {
        competition: "39th-fai-world-gliding-championships-tabor-2025",
        class: "club",
        date: 2025-06-20,
        task_number: 11,
    },
    DailyUrlInfo {
        competition: "39th-fai-world-gliding-championships-tabor-2025",
        class: "club",
        date: 2025-06-19,
        task_number: 10,
    },
    DailyUrlInfo {
        competition: "39th-fai-world-gliding-championships-tabor-2025",
        class: "club",
        date: 2025-06-18,
        task_number: 9,
    },
    DailyUrlInfo {
        competition: "39th-fai-world-gliding-championships-tabor-2025",
        class: "club",
        date: 2025-06-17,
        task_number: 8,
    },
    DailyUrlInfo {
        competition: "39th-fai-world-gliding-championships-tabor-2025",
        class: "club",
        date: 2025-06-16,
        task_number: 7,
    },
    DailyUrlInfo {
        competition: "39th-fai-world-gliding-championships-tabor-2025",
        class: "club",
        date: 2025-06-15,
        task_number: 6,
    },
    DailyUrlInfo {
        competition: "39th-fai-world-gliding-championships-tabor-2025",
        class: "club",
        date: 2025-06-13,
        task_number: 5,
    },
    DailyUrlInfo {
        competition: "39th-fai-world-gliding-championships-tabor-2025",
        class: "club",
        date: 2025-06-12,
        task_number: 4,
    },
    DailyUrlInfo {
        competition: "39th-fai-world-gliding-championships-tabor-2025",
        class: "club",
        date: 2025-06-11,
        task_number: 3,
    },
    DailyUrlInfo {
        competition: "39th-fai-world-gliding-championships-tabor-2025",
        class: "club",
        date: 2025-06-10,
        task_number: 2,
    },
    DailyUrlInfo {
        competition: "39th-fai-world-gliding-championships-tabor-2025",
        class: "club",
        date: 2025-06-09,
        task_number: 1,
    },
    DailyUrlInfo {
        competition: "39th-fai-world-gliding-championships-tabor-2025",
        class: "standard",
        date: 2025-06-20,
        task_number: 11,
    },
    DailyUrlInfo {
        competition: "39th-fai-world-gliding-championships-tabor-2025",
        class: "standard",
        date: 2025-06-19,
        task_number: 10,
    },
    DailyUrlInfo {
        competition: "39th-fai-world-gliding-championships-tabor-2025",
        class: "standard",
        date: 2025-06-18,
        task_number: 9,
    },
    DailyUrlInfo {
        competition: "39th-fai-world-gliding-championships-tabor-2025",
        class: "standard",
        date: 2025-06-17,
        task_number: 8,
    },
    DailyUrlInfo {
        competition: "39th-fai-world-gliding-championships-tabor-2025",
        class: "standard",
        date: 2025-06-16,
        task_number: 7,
    },
    DailyUrlInfo {
        competition: "39th-fai-world-gliding-championships-tabor-2025",
        class: "standard",
        date: 2025-06-15,
        task_number: 6,
    },
    DailyUrlInfo {
        competition: "39th-fai-world-gliding-championships-tabor-2025",
        class: "standard",
        date: 2025-06-13,
        task_number: 5,
    },
    DailyUrlInfo {
        competition: "39th-fai-world-gliding-championships-tabor-2025",
        class: "standard",
        date: 2025-06-12,
        task_number: 4,
    },
    DailyUrlInfo {
        competition: "39th-fai-world-gliding-championships-tabor-2025",
        class: "standard",
        date: 2025-06-11,
        task_number: 3,
    },
    DailyUrlInfo {
        competition: "39th-fai-world-gliding-championships-tabor-2025",
        class: "standard",
        date: 2025-06-10,
        task_number: 2,
    },
    DailyUrlInfo {
        competition: "39th-fai-world-gliding-championships-tabor-2025",
        class: "standard",
        date: 2025-06-09,
        task_number: 1,
    },
    DailyUrlInfo {
        competition: "39th-fai-world-gliding-championships-tabor-2025",
        class: "-15-meter",
        date: 2025-06-20,
        task_number: 11,
    },
    DailyUrlInfo {
        competition: "39th-fai-world-gliding-championships-tabor-2025",
        class: "-15-meter",
        date: 2025-06-19,
        task_number: 10,
    },
    DailyUrlInfo {
        competition: "39th-fai-world-gliding-championships-tabor-2025",
        class: "-15-meter",
        date: 2025-06-18,
        task_number: 9,
    },
    DailyUrlInfo {
        competition: "39th-fai-world-gliding-championships-tabor-2025",
        class: "-15-meter",
        date: 2025-06-17,
        task_number: 8,
    },
    DailyUrlInfo {
        competition: "39th-fai-world-gliding-championships-tabor-2025",
        class: "-15-meter",
        date: 2025-06-16,
        task_number: 7,
    },
    DailyUrlInfo {
        competition: "39th-fai-world-gliding-championships-tabor-2025",
        class: "-15-meter",
        date: 2025-06-15,
        task_number: 6,
    },
    DailyUrlInfo {
        competition: "39th-fai-world-gliding-championships-tabor-2025",
        class: "-15-meter",
        date: 2025-06-13,
        task_number: 5,
    },
    DailyUrlInfo {
        competition: "39th-fai-world-gliding-championships-tabor-2025",
        class: "-15-meter",
        date: 2025-06-12,
        task_number: 4,
    },
    DailyUrlInfo {
        competition: "39th-fai-world-gliding-championships-tabor-2025",
        class: "-15-meter",
        date: 2025-06-11,
        task_number: 3,
    },
    DailyUrlInfo {
        competition: "39th-fai-world-gliding-championships-tabor-2025",
        class: "-15-meter",
        date: 2025-06-10,
        task_number: 2,
    },
    DailyUrlInfo {
        competition: "39th-fai-world-gliding-championships-tabor-2025",
        class: "-15-meter",
        date: 2025-06-09,
        task_number: 1,
    },
]
